// Jest Snapshot v1, https://goo.gl/fbAQLP

exports[`Tests in <SearchPage/> should display properly with default values 1`] = `
<div>
  <h1>
    Search
  </h1>
  <hr />
  <div
    class="row"
  >
    <div
      class="col-5"
    >
      <h4>
        Searching
      </h4>
      <hr />
      <form
        aria-label="form-hero"
      >
        <input
          autocomplete="off"
          class="form-control"
          name="searchText"
          placeholder="Search a hero"
          type="text"
          value=""
        />
        <button
          class="btn btn-outline-primary mt-2"
        >
          Search
        </button>
      </form>
    </div>
    <div
      class="col-7"
    >
      <h4>
        Results
      </h4>
      <hr />
      <div
        aria-label="search-hero"
        class="alert alert-primary animate__animated animate__fadeIn"
      >
        Search a hero
      </div>
      <div
        aria-label="alert-danger"
        class="alert alert-danger animate__animated animate__fadeIn"
        style="display: none;"
      >
        No hero with 
        <b />
      </div>
      <div
        class="row gy-3 row-cols-1 g-3"
      />
    </div>
  </div>
</div>
`;
